// Vitest Snapshot v1, https://vitest.dev/guide/snapshot.html

exports[`Not found page tests > should render correctly 1`] = `
<div>
  <main
    class="w-screen min-h-screen flex flex-row items-center justify-center p-6 bg-gray-200"
  >
    <div
      class="max-w-290 w-fit h-fit flex flex-col gap-12 items-center text-center bg-gray-100 rounded-lg px-24 py-32"
    >
      <img
        alt="Número 404 representando o erro retornado ao acessar a página"
        class="h-42.5"
        src="/src/assets/404.svg"
      />
      <h1
        class="text-xl text-gray-600"
      >
        Link não encontrado
      </h1>
      <p
        class="text-md text-gray-500"
      >
        O link que você está tentando acessar não existe, foi removido ou é uma URL inválida. Saiba mais em
         
        <a
          class="text-blue-base underline"
          data-testid="link-brev-ly"
          href="/"
        >
          brev.ly
        </a>
        .
      </p>
    </div>
  </main>
</div>
`;
